
==========
== CUDA ==
==========

CUDA Version 12.2.0

Container image Copyright (c) 2016-2023, NVIDIA CORPORATION & AFFILIATES. All rights reserved.

This container image and its contents are governed by the NVIDIA Deep Learning Container License.
By pulling and using the container, you accept the terms and conditions of this license:
https://developer.nvidia.com/ngc/nvidia-deep-learning-container-license

A copy of this license is made available in this container at /NGC-DL-CONTAINER-LICENSE for your convenience.

[2026-06-08 14:19:56,530] [INFO] [real_accelerator.py:254:get_accelerator] Setting ds_accelerator to cuda (auto detect)
df: /root/.triton/autotune: No such file or directory
[2026-06-08 14:19:58,416] [INFO] [logging.py:107:log_dist] [Rank -1] [TorchCheckpointEngine] Initialized with serialization = False
lora_config: LoraConfig(peft_type=<PeftType.LORA: 'LORA'>, auto_mapping=None, base_model_name_or_path='google/gemma-2-2b-it', revision=None, task_type='CAUSAL_LM', inference_mode=False, r=8, target_modules={'down_proj'}, lora_alpha=45.254833995939045, lora_dropout=0.0, fan_in_fan_out=False, bias='none', use_rslora=False, modules_to_save=None, init_lora_weights=True, layers_to_transform=None, layers_pattern=None, rank_pattern={}, alpha_pattern={}, megatron_config=None, megatron_core='megatron.core', loftq_config={}, use_dora=False, layer_replication=None, runtime_config=LoraRuntimeConfig(ephemeral_gpu_offload=False))
Loading checkpoint shards:   0%|          | 0/2 [00:00<?, ?it/s]Loading checkpoint shards:  50%|█████     | 1/2 [00:01<00:01,  1.97s/it]Loading checkpoint shards: 100%|██████████| 2/2 [00:02<00:00,  1.00s/it]
You are attempting to use Flash Attention 2.0 without specifying a torch dtype. This might lead to unexpected behaviour
Loading checkpoint shards:   0%|          | 0/2 [00:00<?, ?it/s]Loading checkpoint shards:  50%|█████     | 1/2 [00:00<00:00,  1.06it/s]Loading checkpoint shards: 100%|██████████| 2/2 [00:00<00:00,  2.02it/s]
Loading checkpoint shards:   0%|          | 0/2 [00:00<?, ?it/s]Loading checkpoint shards:  50%|█████     | 1/2 [00:00<00:00,  1.20it/s]Loading checkpoint shards: 100%|██████████| 2/2 [00:00<00:00,  2.28it/s]
Using attention mask for resampler
Using position ids for resampler
Num chunks:  2
Num chunks:  2
Traceback (most recent call last):
  File "/workspace/trial_scripts/lost_in_the_middle/answer_generation_with_adapters_concatenation.py", line 203, in <module>
    outputs = model.generate(
  File "/root/.venv/lib/python3.10/site-packages/torch/utils/_contextlib.py", line 116, in decorate_context
    return func(*args, **kwargs)
  File "/workspace/src/ctx_to_lora/modeling/hypernet.py", line 914, in generate
    model_outputs = self.base_model.generate(
  File "/root/.venv/lib/python3.10/site-packages/peft/peft_model.py", line 817, in generate
    return self.get_base_model().generate(*args, **kwargs)
  File "/root/.venv/lib/python3.10/site-packages/torch/utils/_contextlib.py", line 116, in decorate_context
    return func(*args, **kwargs)
  File "/root/.venv/lib/python3.10/site-packages/transformers/generation/utils.py", line 2465, in generate
    result = self._sample(
  File "/root/.venv/lib/python3.10/site-packages/transformers/generation/utils.py", line 3431, in _sample
    outputs = self(**model_inputs, return_dict=True)
  File "/root/.venv/lib/python3.10/site-packages/torch/nn/modules/module.py", line 1739, in _wrapped_call_impl
    return self._call_impl(*args, **kwargs)
  File "/root/.venv/lib/python3.10/site-packages/torch/nn/modules/module.py", line 1750, in _call_impl
    return forward_call(*args, **kwargs)
  File "/root/.venv/lib/python3.10/site-packages/transformers/utils/generic.py", line 965, in wrapper
    output = func(self, *args, **kwargs)
  File "/root/.venv/lib/python3.10/site-packages/transformers/utils/deprecation.py", line 172, in wrapped_func
    return func(*args, **kwargs)
  File "/root/.venv/lib/python3.10/site-packages/transformers/models/gemma2/modeling_gemma2.py", line 851, in forward
    outputs: BaseModelOutputWithPast = self.model(
  File "/root/.venv/lib/python3.10/site-packages/torch/nn/modules/module.py", line 1739, in _wrapped_call_impl
    return self._call_impl(*args, **kwargs)
  File "/root/.venv/lib/python3.10/site-packages/torch/nn/modules/module.py", line 1750, in _call_impl
    return forward_call(*args, **kwargs)
  File "/root/.venv/lib/python3.10/site-packages/transformers/utils/generic.py", line 965, in wrapper
    output = func(self, *args, **kwargs)
  File "/root/.venv/lib/python3.10/site-packages/transformers/models/gemma2/modeling_gemma2.py", line 634, in forward
    layer_outputs = decoder_layer(
  File "/root/.venv/lib/python3.10/site-packages/torch/nn/modules/module.py", line 1739, in _wrapped_call_impl
    return self._call_impl(*args, **kwargs)
  File "/root/.venv/lib/python3.10/site-packages/torch/nn/modules/module.py", line 1750, in _call_impl
    return forward_call(*args, **kwargs)
  File "/root/.venv/lib/python3.10/site-packages/transformers/models/gemma2/modeling_gemma2.py", line 338, in forward
    hidden_states = self.mlp(hidden_states)
  File "/root/.venv/lib/python3.10/site-packages/torch/nn/modules/module.py", line 1739, in _wrapped_call_impl
    return self._call_impl(*args, **kwargs)
  File "/root/.venv/lib/python3.10/site-packages/torch/nn/modules/module.py", line 1750, in _call_impl
    return forward_call(*args, **kwargs)
  File "/root/.venv/lib/python3.10/site-packages/transformers/models/gemma2/modeling_gemma2.py", line 92, in forward
    down_proj = self.down_proj(self.act_fn(self.gate_proj(x)) * self.up_proj(x))
  File "/root/.venv/lib/python3.10/site-packages/torch/nn/modules/module.py", line 1739, in _wrapped_call_impl
    return self._call_impl(*args, **kwargs)
  File "/root/.venv/lib/python3.10/site-packages/torch/nn/modules/module.py", line 1750, in _call_impl
    return forward_call(*args, **kwargs)
  File "/root/.venv/lib/python3.10/site-packages/peft/tuners/lora/layer.py", line 566, in forward
    result = self.base_layer(x, *args, **kwargs)
  File "/root/.venv/lib/python3.10/site-packages/torch/nn/modules/module.py", line 1739, in _wrapped_call_impl
    return self._call_impl(*args, **kwargs)
  File "/root/.venv/lib/python3.10/site-packages/torch/nn/modules/module.py", line 1750, in _call_impl
    return forward_call(*args, **kwargs)
TypeError: Linear.forward() got an unexpected keyword argument 'n_qs'
